// Jest Snapshot v1, https://goo.gl/fbAQLP

exports[`FilterList expect to render 1`] = `
initialize {
  "0": Object {
    "attribs": Object {
      "class": "pf-l-stack pf-m-gutter",
    },
    "children": Array [
      Object {
        "attribs": Object {
          "class": "pf-l-stack__item",
        },
        "children": Array [
          Object {
            "attribs": Object {
              "class": "pf-c-card",
            },
            "children": Array [
              Object {
                "attribs": Object {
                  "class": "pf-c-card__header",
                },
                "children": Array [
                  Object {
                    "attribs": Object {
                      "class": "pf-c-check",
                    },
                    "children": Array [
                      Object {
                        "attribs": Object {
                          "aria-invalid": "false",
                          "aria-label": "seed-app-0",
                          "class": "pf-c-check__input",
                          "data-event-type-id": "4",
                          "id": "app-check-4",
                          "type": "checkbox",
                        },
                        "children": Array [],
                        "name": "input",
                        "namespace": "http://www.w3.org/1999/xhtml",
                        "next": Object {
                          "attribs": Object {
                            "class": "pf-c-check__label",
                            "for": "app-check-4",
                          },
                          "children": Array [
                            Object {
                              "data": "seed-app-0",
                              "next": null,
                              "parent": [Circular],
                              "prev": null,
                              "type": "text",
                            },
                          ],
                          "name": "label",
                          "namespace": "http://www.w3.org/1999/xhtml",
                          "next": null,
                          "parent": [Circular],
                          "prev": [Circular],
                          "type": "tag",
                          "x-attribsNamespace": Object {
                            "class": undefined,
                            "for": undefined,
                          },
                          "x-attribsPrefix": Object {
                            "class": undefined,
                            "for": undefined,
                          },
                        },
                        "parent": [Circular],
                        "prev": null,
                        "type": "tag",
                        "x-attribsNamespace": Object {
                          "aria-invalid": undefined,
                          "aria-label": undefined,
                          "class": undefined,
                          "data-event-type-id": undefined,
                          "id": undefined,
                          "type": undefined,
                        },
                        "x-attribsPrefix": Object {
                          "aria-invalid": undefined,
                          "aria-label": undefined,
                          "class": undefined,
                          "data-event-type-id": undefined,
                          "id": undefined,
                          "type": undefined,
                        },
                      },
                      Object {
                        "attribs": Object {
                          "class": "pf-c-check__label",
                          "for": "app-check-4",
                        },
                        "children": Array [
                          Object {
                            "data": "seed-app-0",
                            "next": null,
                            "parent": [Circular],
                            "prev": null,
                            "type": "text",
                          },
                        ],
                        "name": "label",
                        "namespace": "http://www.w3.org/1999/xhtml",
                        "next": null,
                        "parent": [Circular],
                        "prev": Object {
                          "attribs": Object {
                            "aria-invalid": "false",
                            "aria-label": "seed-app-0",
                            "class": "pf-c-check__input",
                            "data-event-type-id": "4",
                            "id": "app-check-4",
                            "type": "checkbox",
                          },
                          "children": Array [],
                          "name": "input",
                          "namespace": "http://www.w3.org/1999/xhtml",
                          "next": [Circular],
                          "parent": [Circular],
                          "prev": null,
                          "type": "tag",
                          "x-attribsNamespace": Object {
                            "aria-invalid": undefined,
                            "aria-label": undefined,
                            "class": undefined,
                            "data-event-type-id": undefined,
                            "id": undefined,
                            "type": undefined,
                          },
                          "x-attribsPrefix": Object {
                            "aria-invalid": undefined,
                            "aria-label": undefined,
                            "class": undefined,
                            "data-event-type-id": undefined,
                            "id": undefined,
                            "type": undefined,
                          },
                        },
                        "type": "tag",
                        "x-attribsNamespace": Object {
                          "class": undefined,
                          "for": undefined,
                        },
                        "x-attribsPrefix": Object {
                          "class": undefined,
                          "for": undefined,
                        },
                      },
                    ],
                    "name": "div",
                    "namespace": "http://www.w3.org/1999/xhtml",
                    "next": null,
                    "parent": [Circular],
                    "prev": null,
                    "type": "tag",
                    "x-attribsNamespace": Object {
                      "class": undefined,
                    },
                    "x-attribsPrefix": Object {
                      "class": undefined,
                    },
                  },
                ],
                "name": "div",
                "namespace": "http://www.w3.org/1999/xhtml",
                "next": null,
                "parent": [Circular],
                "prev": null,
                "type": "tag",
                "x-attribsNamespace": Object {
                  "class": undefined,
                },
                "x-attribsPrefix": Object {
                  "class": undefined,
                },
              },
            ],
            "name": "article",
            "namespace": "http://www.w3.org/1999/xhtml",
            "next": null,
            "parent": [Circular],
            "prev": null,
            "type": "tag",
            "x-attribsNamespace": Object {
              "class": undefined,
            },
            "x-attribsPrefix": Object {
              "class": undefined,
            },
          },
        ],
        "name": "div",
        "namespace": "http://www.w3.org/1999/xhtml",
        "next": Object {
          "attribs": Object {
            "class": "pf-l-stack__item",
          },
          "children": Array [
            Object {
              "attribs": Object {
                "class": "pf-c-card",
              },
              "children": Array [
                Object {
                  "attribs": Object {
                    "class": "pf-c-card__header",
                  },
                  "children": Array [
                    Object {
                      "attribs": Object {
                        "class": "pf-c-check",
                      },
                      "children": Array [
                        Object {
                          "attribs": Object {
                            "aria-invalid": "false",
                            "aria-label": "seed-app-1",
                            "class": "pf-c-check__input",
                            "data-event-type-id": "5",
                            "id": "app-check-5",
                            "type": "checkbox",
                          },
                          "children": Array [],
                          "name": "input",
                          "namespace": "http://www.w3.org/1999/xhtml",
                          "next": Object {
                            "attribs": Object {
                              "class": "pf-c-check__label",
                              "for": "app-check-5",
                            },
                            "children": Array [
                              Object {
                                "data": "seed-app-1",
                                "next": null,
                                "parent": [Circular],
                                "prev": null,
                                "type": "text",
                              },
                            ],
                            "name": "label",
                            "namespace": "http://www.w3.org/1999/xhtml",
                            "next": null,
                            "parent": [Circular],
                            "prev": [Circular],
                            "type": "tag",
                            "x-attribsNamespace": Object {
                              "class": undefined,
                              "for": undefined,
                            },
                            "x-attribsPrefix": Object {
                              "class": undefined,
                              "for": undefined,
                            },
                          },
                          "parent": [Circular],
                          "prev": null,
                          "type": "tag",
                          "x-attribsNamespace": Object {
                            "aria-invalid": undefined,
                            "aria-label": undefined,
                            "class": undefined,
                            "data-event-type-id": undefined,
                            "id": undefined,
                            "type": undefined,
                          },
                          "x-attribsPrefix": Object {
                            "aria-invalid": undefined,
                            "aria-label": undefined,
                            "class": undefined,
                            "data-event-type-id": undefined,
                            "id": undefined,
                            "type": undefined,
                          },
                        },
                        Object {
                          "attribs": Object {
                            "class": "pf-c-check__label",
                            "for": "app-check-5",
                          },
                          "children": Array [
                            Object {
                              "data": "seed-app-1",
                              "next": null,
                              "parent": [Circular],
                              "prev": null,
                              "type": "text",
                            },
                          ],
                          "name": "label",
                          "namespace": "http://www.w3.org/1999/xhtml",
                          "next": null,
                          "parent": [Circular],
                          "prev": Object {
                            "attribs": Object {
                              "aria-invalid": "false",
                              "aria-label": "seed-app-1",
                              "class": "pf-c-check__input",
                              "data-event-type-id": "5",
                              "id": "app-check-5",
                              "type": "checkbox",
                            },
                            "children": Array [],
                            "name": "input",
                            "namespace": "http://www.w3.org/1999/xhtml",
                            "next": [Circular],
                            "parent": [Circular],
                            "prev": null,
                            "type": "tag",
                            "x-attribsNamespace": Object {
                              "aria-invalid": undefined,
                              "aria-label": undefined,
                              "class": undefined,
                              "data-event-type-id": undefined,
                              "id": undefined,
                              "type": undefined,
                            },
                            "x-attribsPrefix": Object {
                              "aria-invalid": undefined,
                              "aria-label": undefined,
                              "class": undefined,
                              "data-event-type-id": undefined,
                              "id": undefined,
                              "type": undefined,
                            },
                          },
                          "type": "tag",
                          "x-attribsNamespace": Object {
                            "class": undefined,
                            "for": undefined,
                          },
                          "x-attribsPrefix": Object {
                            "class": undefined,
                            "for": undefined,
                          },
                        },
                      ],
                      "name": "div",
                      "namespace": "http://www.w3.org/1999/xhtml",
                      "next": null,
                      "parent": [Circular],
                      "prev": null,
                      "type": "tag",
                      "x-attribsNamespace": Object {
                        "class": undefined,
                      },
                      "x-attribsPrefix": Object {
                        "class": undefined,
                      },
                    },
                  ],
                  "name": "div",
                  "namespace": "http://www.w3.org/1999/xhtml",
                  "next": null,
                  "parent": [Circular],
                  "prev": null,
                  "type": "tag",
                  "x-attribsNamespace": Object {
                    "class": undefined,
                  },
                  "x-attribsPrefix": Object {
                    "class": undefined,
                  },
                },
              ],
              "name": "article",
              "namespace": "http://www.w3.org/1999/xhtml",
              "next": null,
              "parent": [Circular],
              "prev": null,
              "type": "tag",
              "x-attribsNamespace": Object {
                "class": undefined,
              },
              "x-attribsPrefix": Object {
                "class": undefined,
              },
            },
          ],
          "name": "div",
          "namespace": "http://www.w3.org/1999/xhtml",
          "next": null,
          "parent": [Circular],
          "prev": [Circular],
          "type": "tag",
          "x-attribsNamespace": Object {
            "class": undefined,
          },
          "x-attribsPrefix": Object {
            "class": undefined,
          },
        },
        "parent": [Circular],
        "prev": null,
        "type": "tag",
        "x-attribsNamespace": Object {
          "class": undefined,
        },
        "x-attribsPrefix": Object {
          "class": undefined,
        },
      },
      Object {
        "attribs": Object {
          "class": "pf-l-stack__item",
        },
        "children": Array [
          Object {
            "attribs": Object {
              "class": "pf-c-card",
            },
            "children": Array [
              Object {
                "attribs": Object {
                  "class": "pf-c-card__header",
                },
                "children": Array [
                  Object {
                    "attribs": Object {
                      "class": "pf-c-check",
                    },
                    "children": Array [
                      Object {
                        "attribs": Object {
                          "aria-invalid": "false",
                          "aria-label": "seed-app-1",
                          "class": "pf-c-check__input",
                          "data-event-type-id": "5",
                          "id": "app-check-5",
                          "type": "checkbox",
                        },
                        "children": Array [],
                        "name": "input",
                        "namespace": "http://www.w3.org/1999/xhtml",
                        "next": Object {
                          "attribs": Object {
                            "class": "pf-c-check__label",
                            "for": "app-check-5",
                          },
                          "children": Array [
                            Object {
                              "data": "seed-app-1",
                              "next": null,
                              "parent": [Circular],
                              "prev": null,
                              "type": "text",
                            },
                          ],
                          "name": "label",
                          "namespace": "http://www.w3.org/1999/xhtml",
                          "next": null,
                          "parent": [Circular],
                          "prev": [Circular],
                          "type": "tag",
                          "x-attribsNamespace": Object {
                            "class": undefined,
                            "for": undefined,
                          },
                          "x-attribsPrefix": Object {
                            "class": undefined,
                            "for": undefined,
                          },
                        },
                        "parent": [Circular],
                        "prev": null,
                        "type": "tag",
                        "x-attribsNamespace": Object {
                          "aria-invalid": undefined,
                          "aria-label": undefined,
                          "class": undefined,
                          "data-event-type-id": undefined,
                          "id": undefined,
                          "type": undefined,
                        },
                        "x-attribsPrefix": Object {
                          "aria-invalid": undefined,
                          "aria-label": undefined,
                          "class": undefined,
                          "data-event-type-id": undefined,
                          "id": undefined,
                          "type": undefined,
                        },
                      },
                      Object {
                        "attribs": Object {
                          "class": "pf-c-check__label",
                          "for": "app-check-5",
                        },
                        "children": Array [
                          Object {
                            "data": "seed-app-1",
                            "next": null,
                            "parent": [Circular],
                            "prev": null,
                            "type": "text",
                          },
                        ],
                        "name": "label",
                        "namespace": "http://www.w3.org/1999/xhtml",
                        "next": null,
                        "parent": [Circular],
                        "prev": Object {
                          "attribs": Object {
                            "aria-invalid": "false",
                            "aria-label": "seed-app-1",
                            "class": "pf-c-check__input",
                            "data-event-type-id": "5",
                            "id": "app-check-5",
                            "type": "checkbox",
                          },
                          "children": Array [],
                          "name": "input",
                          "namespace": "http://www.w3.org/1999/xhtml",
                          "next": [Circular],
                          "parent": [Circular],
                          "prev": null,
                          "type": "tag",
                          "x-attribsNamespace": Object {
                            "aria-invalid": undefined,
                            "aria-label": undefined,
                            "class": undefined,
                            "data-event-type-id": undefined,
                            "id": undefined,
                            "type": undefined,
                          },
                          "x-attribsPrefix": Object {
                            "aria-invalid": undefined,
                            "aria-label": undefined,
                            "class": undefined,
                            "data-event-type-id": undefined,
                            "id": undefined,
                            "type": undefined,
                          },
                        },
                        "type": "tag",
                        "x-attribsNamespace": Object {
                          "class": undefined,
                          "for": undefined,
                        },
                        "x-attribsPrefix": Object {
                          "class": undefined,
                          "for": undefined,
                        },
                      },
                    ],
                    "name": "div",
                    "namespace": "http://www.w3.org/1999/xhtml",
                    "next": null,
                    "parent": [Circular],
                    "prev": null,
                    "type": "tag",
                    "x-attribsNamespace": Object {
                      "class": undefined,
                    },
                    "x-attribsPrefix": Object {
                      "class": undefined,
                    },
                  },
                ],
                "name": "div",
                "namespace": "http://www.w3.org/1999/xhtml",
                "next": null,
                "parent": [Circular],
                "prev": null,
                "type": "tag",
                "x-attribsNamespace": Object {
                  "class": undefined,
                },
                "x-attribsPrefix": Object {
                  "class": undefined,
                },
              },
            ],
            "name": "article",
            "namespace": "http://www.w3.org/1999/xhtml",
            "next": null,
            "parent": [Circular],
            "prev": null,
            "type": "tag",
            "x-attribsNamespace": Object {
              "class": undefined,
            },
            "x-attribsPrefix": Object {
              "class": undefined,
            },
          },
        ],
        "name": "div",
        "namespace": "http://www.w3.org/1999/xhtml",
        "next": null,
        "parent": [Circular],
        "prev": Object {
          "attribs": Object {
            "class": "pf-l-stack__item",
          },
          "children": Array [
            Object {
              "attribs": Object {
                "class": "pf-c-card",
              },
              "children": Array [
                Object {
                  "attribs": Object {
                    "class": "pf-c-card__header",
                  },
                  "children": Array [
                    Object {
                      "attribs": Object {
                        "class": "pf-c-check",
                      },
                      "children": Array [
                        Object {
                          "attribs": Object {
                            "aria-invalid": "false",
                            "aria-label": "seed-app-0",
                            "class": "pf-c-check__input",
                            "data-event-type-id": "4",
                            "id": "app-check-4",
                            "type": "checkbox",
                          },
                          "children": Array [],
                          "name": "input",
                          "namespace": "http://www.w3.org/1999/xhtml",
                          "next": Object {
                            "attribs": Object {
                              "class": "pf-c-check__label",
                              "for": "app-check-4",
                            },
                            "children": Array [
                              Object {
                                "data": "seed-app-0",
                                "next": null,
                                "parent": [Circular],
                                "prev": null,
                                "type": "text",
                              },
                            ],
                            "name": "label",
                            "namespace": "http://www.w3.org/1999/xhtml",
                            "next": null,
                            "parent": [Circular],
                            "prev": [Circular],
                            "type": "tag",
                            "x-attribsNamespace": Object {
                              "class": undefined,
                              "for": undefined,
                            },
                            "x-attribsPrefix": Object {
                              "class": undefined,
                              "for": undefined,
                            },
                          },
                          "parent": [Circular],
                          "prev": null,
                          "type": "tag",
                          "x-attribsNamespace": Object {
                            "aria-invalid": undefined,
                            "aria-label": undefined,
                            "class": undefined,
                            "data-event-type-id": undefined,
                            "id": undefined,
                            "type": undefined,
                          },
                          "x-attribsPrefix": Object {
                            "aria-invalid": undefined,
                            "aria-label": undefined,
                            "class": undefined,
                            "data-event-type-id": undefined,
                            "id": undefined,
                            "type": undefined,
                          },
                        },
                        Object {
                          "attribs": Object {
                            "class": "pf-c-check__label",
                            "for": "app-check-4",
                          },
                          "children": Array [
                            Object {
                              "data": "seed-app-0",
                              "next": null,
                              "parent": [Circular],
                              "prev": null,
                              "type": "text",
                            },
                          ],
                          "name": "label",
                          "namespace": "http://www.w3.org/1999/xhtml",
                          "next": null,
                          "parent": [Circular],
                          "prev": Object {
                            "attribs": Object {
                              "aria-invalid": "false",
                              "aria-label": "seed-app-0",
                              "class": "pf-c-check__input",
                              "data-event-type-id": "4",
                              "id": "app-check-4",
                              "type": "checkbox",
                            },
                            "children": Array [],
                            "name": "input",
                            "namespace": "http://www.w3.org/1999/xhtml",
                            "next": [Circular],
                            "parent": [Circular],
                            "prev": null,
                            "type": "tag",
                            "x-attribsNamespace": Object {
                              "aria-invalid": undefined,
                              "aria-label": undefined,
                              "class": undefined,
                              "data-event-type-id": undefined,
                              "id": undefined,
                              "type": undefined,
                            },
                            "x-attribsPrefix": Object {
                              "aria-invalid": undefined,
                              "aria-label": undefined,
                              "class": undefined,
                              "data-event-type-id": undefined,
                              "id": undefined,
                              "type": undefined,
                            },
                          },
                          "type": "tag",
                          "x-attribsNamespace": Object {
                            "class": undefined,
                            "for": undefined,
                          },
                          "x-attribsPrefix": Object {
                            "class": undefined,
                            "for": undefined,
                          },
                        },
                      ],
                      "name": "div",
                      "namespace": "http://www.w3.org/1999/xhtml",
                      "next": null,
                      "parent": [Circular],
                      "prev": null,
                      "type": "tag",
                      "x-attribsNamespace": Object {
                        "class": undefined,
                      },
                      "x-attribsPrefix": Object {
                        "class": undefined,
                      },
                    },
                  ],
                  "name": "div",
                  "namespace": "http://www.w3.org/1999/xhtml",
                  "next": null,
                  "parent": [Circular],
                  "prev": null,
                  "type": "tag",
                  "x-attribsNamespace": Object {
                    "class": undefined,
                  },
                  "x-attribsPrefix": Object {
                    "class": undefined,
                  },
                },
              ],
              "name": "article",
              "namespace": "http://www.w3.org/1999/xhtml",
              "next": null,
              "parent": [Circular],
              "prev": null,
              "type": "tag",
              "x-attribsNamespace": Object {
                "class": undefined,
              },
              "x-attribsPrefix": Object {
                "class": undefined,
              },
            },
          ],
          "name": "div",
          "namespace": "http://www.w3.org/1999/xhtml",
          "next": [Circular],
          "parent": [Circular],
          "prev": null,
          "type": "tag",
          "x-attribsNamespace": Object {
            "class": undefined,
          },
          "x-attribsPrefix": Object {
            "class": undefined,
          },
        },
        "type": "tag",
        "x-attribsNamespace": Object {
          "class": undefined,
        },
        "x-attribsPrefix": Object {
          "class": undefined,
        },
      },
    ],
    "name": "div",
    "namespace": "http://www.w3.org/1999/xhtml",
    "next": null,
    "parent": null,
    "prev": null,
    "root": Object {
      "attribs": Object {},
      "children": Array [
        [Circular],
      ],
      "name": "root",
      "namespace": "http://www.w3.org/1999/xhtml",
      "next": null,
      "parent": null,
      "prev": null,
      "type": "root",
      "x-attribsNamespace": Object {},
      "x-attribsPrefix": Object {},
    },
    "type": "tag",
    "x-attribsNamespace": Object {
      "class": undefined,
    },
    "x-attribsPrefix": Object {
      "class": undefined,
    },
  },
  "_root": [Circular],
  "length": 1,
  "options": Object {
    "decodeEntities": true,
    "normalizeWhitespace": false,
    "withDomLvl1": true,
    "xml": false,
  },
}
`;
