// Jest Snapshot v1, https://goo.gl/fbAQLP

exports[`FilterList expect to render 1`] = `
Array [
  <h1
    class="pf-c-title pf-m-md"
  >
    Triggers
  </h1>,
  <div
    class="pf-l-grid pf-m-all-3-col-on-md pf-m-all-4-col-on-xl pf-m-gutter"
    xs="1"
  >
    <div
      class="pf-l-grid__item"
    >
      <article
        class="pf-c-card"
      >
        <div
          class="pf-c-card__header pf-c-title pf-m-lg"
        >
          <div
            class="pf-c-check"
          >
            <input
              aria-invalid="false"
              aria-label="Seed App 0"
              checked=""
              class="pf-c-check__input"
              data-event-type-id="1"
              id="app-check-1"
              type="checkbox"
            />
            <label
              class="pf-c-check__label"
              for="app-check-1"
            >
              <strong>
                Seed App 0
              </strong>
            </label>
          </div>
        </div>
      </article>
    </div>
    <div
      class="pf-l-grid__item"
    >
      <article
        class="pf-c-card"
      >
        <div
          class="pf-c-card__header pf-c-title pf-m-lg"
        >
          <div
            class="pf-c-check"
          >
            <input
              aria-invalid="false"
              aria-label="Seed App 1"
              class="pf-c-check__input"
              data-event-type-id="2"
              id="app-check-2"
              type="checkbox"
            />
            <label
              class="pf-c-check__label"
              for="app-check-2"
            >
              <strong>
                Seed App 1
              </strong>
            </label>
          </div>
        </div>
      </article>
    </div>
    <div
      class="pf-l-grid__item"
    >
      <article
        class="pf-c-card"
      >
        <div
          class="pf-c-card__header pf-c-title pf-m-lg"
        >
          <div
            class="pf-c-check"
          >
            <input
              aria-invalid="false"
              aria-label="Seed App 2"
              checked=""
              class="pf-c-check__input"
              data-event-type-id="3"
              id="app-check-3"
              type="checkbox"
            />
            <label
              class="pf-c-check__label"
              for="app-check-3"
            >
              <strong>
                Seed App 2
              </strong>
            </label>
          </div>
        </div>
        <div
          class="pf-c-card__body"
        >
          <ul
            class="pf-c-list"
            style="padding-left:0em;list-style:none"
          >
            <li>
              <div
                class="pf-c-check"
              >
                <input
                  aria-invalid="false"
                  aria-label="Seed Type 0"
                  checked=""
                  class="pf-c-check__input"
                  data-event-type-id="1"
                  id="event-type-check-1"
                  type="checkbox"
                />
                <label
                  class="pf-c-check__label"
                  for="event-type-check-1"
                >
                  Seed Type 0
                </label>
              </div>
              <ul
                class="pf-c-list"
                style="list-style:none"
              >
                <li>
                  <div
                    class="pf-c-check"
                  >
                    <input
                      aria-invalid="false"
                      aria-label="level-0"
                      checked=""
                      class="pf-c-check__input"
                      data-event-type-id="1"
                      id="level-check-1"
                      type="checkbox"
                    />
                    <label
                      class="pf-c-check__label"
                      for="level-check-1"
                    >
                      level-0
                    </label>
                  </div>
                </li>
              </ul>
            </li>
            <li>
              <div
                class="pf-c-check"
              >
                <input
                  aria-invalid="false"
                  aria-label="Seed Type 1"
                  class="pf-c-check__input"
                  data-event-type-id="2"
                  id="event-type-check-2"
                  type="checkbox"
                />
                <label
                  class="pf-c-check__label"
                  for="event-type-check-2"
                >
                  Seed Type 1
                </label>
              </div>
              <ul
                class="pf-c-list"
                style="list-style:none"
              >
                <li>
                  <div
                    class="pf-c-check"
                  >
                    <input
                      aria-invalid="false"
                      aria-label="level-0"
                      class="pf-c-check__input"
                      data-event-type-id="2"
                      id="level-check-2"
                      type="checkbox"
                    />
                    <label
                      class="pf-c-check__label"
                      for="level-check-2"
                    >
                      level-0
                    </label>
                  </div>
                </li>
              </ul>
            </li>
          </ul>
        </div>
      </article>
    </div>
    <div
      class="pf-l-grid__item"
    >
      <article
        class="pf-c-card"
      >
        <div
          class="pf-c-card__header pf-c-title pf-m-lg"
        >
          <div
            class="pf-c-check"
          >
            <input
              aria-invalid="false"
              aria-label="Seed App 3"
              checked=""
              class="pf-c-check__input"
              data-event-type-id="4"
              id="app-check-4"
              type="checkbox"
            />
            <label
              class="pf-c-check__label"
              for="app-check-4"
            >
              <strong>
                Seed App 3
              </strong>
            </label>
          </div>
        </div>
        <div
          class="pf-c-card__body"
        >
          <ul
            class="pf-c-list"
            style="padding-left:0em;list-style:none"
          >
            <li>
              <div
                class="pf-c-check"
              >
                <input
                  aria-invalid="false"
                  aria-label="Seed Type 0"
                  checked=""
                  class="pf-c-check__input"
                  data-event-type-id="3"
                  id="event-type-check-3"
                  type="checkbox"
                />
                <label
                  class="pf-c-check__label"
                  for="event-type-check-3"
                >
                  Seed Type 0
                </label>
              </div>
              <ul
                class="pf-c-list"
                style="list-style:none"
              >
                <li>
                  <div
                    class="pf-c-check"
                  >
                    <input
                      aria-invalid="false"
                      aria-label="level-0"
                      class="pf-c-check__input"
                      data-event-type-id="3"
                      id="level-check-3"
                      type="checkbox"
                    />
                    <label
                      class="pf-c-check__label"
                      for="level-check-3"
                    >
                      level-0
                    </label>
                  </div>
                </li>
                <li>
                  <div
                    class="pf-c-check"
                  >
                    <input
                      aria-invalid="false"
                      aria-label="level-1"
                      checked=""
                      class="pf-c-check__input"
                      data-event-type-id="4"
                      id="level-check-4"
                      type="checkbox"
                    />
                    <label
                      class="pf-c-check__label"
                      for="level-check-4"
                    >
                      level-1
                    </label>
                  </div>
                </li>
                <li>
                  <div
                    class="pf-c-check"
                  >
                    <input
                      aria-invalid="false"
                      aria-label="level-2"
                      class="pf-c-check__input"
                      data-event-type-id="5"
                      id="level-check-5"
                      type="checkbox"
                    />
                    <label
                      class="pf-c-check__label"
                      for="level-check-5"
                    >
                      level-2
                    </label>
                  </div>
                </li>
              </ul>
            </li>
            <li>
              <div
                class="pf-c-check"
              >
                <input
                  aria-invalid="false"
                  aria-label="Seed Type 1"
                  class="pf-c-check__input"
                  data-event-type-id="4"
                  id="event-type-check-4"
                  type="checkbox"
                />
                <label
                  class="pf-c-check__label"
                  for="event-type-check-4"
                >
                  Seed Type 1
                </label>
              </div>
              <ul
                class="pf-c-list"
                style="list-style:none"
              >
                <li>
                  <div
                    class="pf-c-check"
                  >
                    <input
                      aria-invalid="false"
                      aria-label="level-0"
                      class="pf-c-check__input"
                      data-event-type-id="6"
                      id="level-check-6"
                      type="checkbox"
                    />
                    <label
                      class="pf-c-check__label"
                      for="level-check-6"
                    >
                      level-0
                    </label>
                  </div>
                </li>
                <li>
                  <div
                    class="pf-c-check"
                  >
                    <input
                      aria-invalid="false"
                      aria-label="level-1"
                      class="pf-c-check__input"
                      data-event-type-id="7"
                      id="level-check-7"
                      type="checkbox"
                    />
                    <label
                      class="pf-c-check__label"
                      for="level-check-7"
                    >
                      level-1
                    </label>
                  </div>
                </li>
                <li>
                  <div
                    class="pf-c-check"
                  >
                    <input
                      aria-invalid="false"
                      aria-label="level-2"
                      class="pf-c-check__input"
                      data-event-type-id="8"
                      id="level-check-8"
                      type="checkbox"
                    />
                    <label
                      class="pf-c-check__label"
                      for="level-check-8"
                    >
                      level-2
                    </label>
                  </div>
                </li>
              </ul>
            </li>
          </ul>
        </div>
      </article>
    </div>
    <div
      class="pf-l-grid__item"
    >
      <article
        class="pf-c-card"
      >
        <div
          class="pf-c-card__header pf-c-title pf-m-lg"
        >
          <div
            class="pf-c-check"
          >
            <input
              aria-invalid="false"
              aria-label="Seed App 4"
              class="pf-c-check__input"
              data-event-type-id="5"
              id="app-check-5"
              type="checkbox"
            />
            <label
              class="pf-c-check__label"
              for="app-check-5"
            >
              <strong>
                Seed App 4
              </strong>
            </label>
          </div>
        </div>
      </article>
    </div>
    <div
      class="pf-l-grid__item"
    >
      <article
        class="pf-c-card"
      >
        <div
          class="pf-c-card__header pf-c-title pf-m-lg"
        >
          <div
            class="pf-c-check"
          >
            <input
              aria-invalid="false"
              aria-label="Seed App 5"
              class="pf-c-check__input"
              data-event-type-id="6"
              id="app-check-6"
              type="checkbox"
            />
            <label
              class="pf-c-check__label"
              for="app-check-6"
            >
              <strong>
                Seed App 5
              </strong>
            </label>
          </div>
        </div>
      </article>
    </div>
    <div
      class="pf-l-grid__item"
    >
      <article
        class="pf-c-card"
      >
        <div
          class="pf-c-card__header pf-c-title pf-m-lg"
        >
          <div
            class="pf-c-check"
          >
            <input
              aria-invalid="false"
              aria-label="Seed App 6"
              class="pf-c-check__input"
              data-event-type-id="7"
              id="app-check-7"
              type="checkbox"
            />
            <label
              class="pf-c-check__label"
              for="app-check-7"
            >
              <strong>
                Seed App 6
              </strong>
            </label>
          </div>
        </div>
      </article>
    </div>
    <div
      class="pf-l-grid__item"
    >
      <article
        class="pf-c-card"
      >
        <div
          class="pf-c-card__header pf-c-title pf-m-lg"
        >
          <div
            class="pf-c-check"
          >
            <input
              aria-invalid="false"
              aria-label="Seed App 7"
              checked=""
              class="pf-c-check__input"
              data-event-type-id="8"
              id="app-check-8"
              type="checkbox"
            />
            <label
              class="pf-c-check__label"
              for="app-check-8"
            >
              <strong>
                Seed App 7
              </strong>
            </label>
          </div>
        </div>
        <div
          class="pf-c-card__body"
        >
          <ul
            class="pf-c-list"
            style="padding-left:0em;list-style:none"
          >
            <li>
              <div
                class="pf-c-check"
              >
                <input
                  aria-invalid="false"
                  aria-label="Seed Type 0"
                  checked=""
                  class="pf-c-check__input"
                  data-event-type-id="8"
                  id="event-type-check-8"
                  type="checkbox"
                />
                <label
                  class="pf-c-check__label"
                  for="event-type-check-8"
                >
                  Seed Type 0
                </label>
              </div>
              <ul
                class="pf-c-list"
                style="list-style:none"
              >
                <li>
                  <div
                    class="pf-c-check"
                  >
                    <input
                      aria-invalid="false"
                      aria-label="level-0"
                      class="pf-c-check__input"
                      data-event-type-id="21"
                      id="level-check-21"
                      type="checkbox"
                    />
                    <label
                      class="pf-c-check__label"
                      for="level-check-21"
                    >
                      level-0
                    </label>
                  </div>
                </li>
                <li>
                  <div
                    class="pf-c-check"
                  >
                    <input
                      aria-invalid="false"
                      aria-label="level-1"
                      checked=""
                      class="pf-c-check__input"
                      data-event-type-id="22"
                      id="level-check-22"
                      type="checkbox"
                    />
                    <label
                      class="pf-c-check__label"
                      for="level-check-22"
                    >
                      level-1
                    </label>
                  </div>
                </li>
                <li>
                  <div
                    class="pf-c-check"
                  >
                    <input
                      aria-invalid="false"
                      aria-label="level-2"
                      class="pf-c-check__input"
                      data-event-type-id="23"
                      id="level-check-23"
                      type="checkbox"
                    />
                    <label
                      class="pf-c-check__label"
                      for="level-check-23"
                    >
                      level-2
                    </label>
                  </div>
                </li>
                <li>
                  <div
                    class="pf-c-check"
                  >
                    <input
                      aria-invalid="false"
                      aria-label="level-3"
                      class="pf-c-check__input"
                      data-event-type-id="24"
                      id="level-check-24"
                      type="checkbox"
                    />
                    <label
                      class="pf-c-check__label"
                      for="level-check-24"
                    >
                      level-3
                    </label>
                  </div>
                </li>
              </ul>
            </li>
            <li>
              <div
                class="pf-c-check"
              >
                <input
                  aria-invalid="false"
                  aria-label="Seed Type 1"
                  class="pf-c-check__input"
                  data-event-type-id="9"
                  id="event-type-check-9"
                  type="checkbox"
                />
                <label
                  class="pf-c-check__label"
                  for="event-type-check-9"
                >
                  Seed Type 1
                </label>
              </div>
              <ul
                class="pf-c-list"
                style="list-style:none"
              >
                <li>
                  <div
                    class="pf-c-check"
                  >
                    <input
                      aria-invalid="false"
                      aria-label="level-0"
                      class="pf-c-check__input"
                      data-event-type-id="25"
                      id="level-check-25"
                      type="checkbox"
                    />
                    <label
                      class="pf-c-check__label"
                      for="level-check-25"
                    >
                      level-0
                    </label>
                  </div>
                </li>
                <li>
                  <div
                    class="pf-c-check"
                  >
                    <input
                      aria-invalid="false"
                      aria-label="level-1"
                      class="pf-c-check__input"
                      data-event-type-id="26"
                      id="level-check-26"
                      type="checkbox"
                    />
                    <label
                      class="pf-c-check__label"
                      for="level-check-26"
                    >
                      level-1
                    </label>
                  </div>
                </li>
                <li>
                  <div
                    class="pf-c-check"
                  >
                    <input
                      aria-invalid="false"
                      aria-label="level-2"
                      class="pf-c-check__input"
                      data-event-type-id="27"
                      id="level-check-27"
                      type="checkbox"
                    />
                    <label
                      class="pf-c-check__label"
                      for="level-check-27"
                    >
                      level-2
                    </label>
                  </div>
                </li>
                <li>
                  <div
                    class="pf-c-check"
                  >
                    <input
                      aria-invalid="false"
                      aria-label="level-3"
                      class="pf-c-check__input"
                      data-event-type-id="28"
                      id="level-check-28"
                      type="checkbox"
                    />
                    <label
                      class="pf-c-check__label"
                      for="level-check-28"
                    >
                      level-3
                    </label>
                  </div>
                </li>
              </ul>
            </li>
            <li>
              <div
                class="pf-c-check"
              >
                <input
                  aria-invalid="false"
                  aria-label="Seed Type 2"
                  class="pf-c-check__input"
                  data-event-type-id="10"
                  id="event-type-check-10"
                  type="checkbox"
                />
                <label
                  class="pf-c-check__label"
                  for="event-type-check-10"
                >
                  Seed Type 2
                </label>
              </div>
              <ul
                class="pf-c-list"
                style="list-style:none"
              >
                <li>
                  <div
                    class="pf-c-check"
                  >
                    <input
                      aria-invalid="false"
                      aria-label="level-0"
                      class="pf-c-check__input"
                      data-event-type-id="29"
                      id="level-check-29"
                      type="checkbox"
                    />
                    <label
                      class="pf-c-check__label"
                      for="level-check-29"
                    >
                      level-0
                    </label>
                  </div>
                </li>
                <li>
                  <div
                    class="pf-c-check"
                  >
                    <input
                      aria-invalid="false"
                      aria-label="level-1"
                      class="pf-c-check__input"
                      data-event-type-id="30"
                      id="level-check-30"
                      type="checkbox"
                    />
                    <label
                      class="pf-c-check__label"
                      for="level-check-30"
                    >
                      level-1
                    </label>
                  </div>
                </li>
                <li>
                  <div
                    class="pf-c-check"
                  >
                    <input
                      aria-invalid="false"
                      aria-label="level-2"
                      class="pf-c-check__input"
                      data-event-type-id="31"
                      id="level-check-31"
                      type="checkbox"
                    />
                    <label
                      class="pf-c-check__label"
                      for="level-check-31"
                    >
                      level-2
                    </label>
                  </div>
                </li>
                <li>
                  <div
                    class="pf-c-check"
                  >
                    <input
                      aria-invalid="false"
                      aria-label="level-3"
                      class="pf-c-check__input"
                      data-event-type-id="32"
                      id="level-check-32"
                      type="checkbox"
                    />
                    <label
                      class="pf-c-check__label"
                      for="level-check-32"
                    >
                      level-3
                    </label>
                  </div>
                </li>
              </ul>
            </li>
          </ul>
        </div>
      </article>
    </div>
    <div
      class="pf-l-grid__item"
    >
      <article
        class="pf-c-card"
      >
        <div
          class="pf-c-card__header pf-c-title pf-m-lg"
        >
          <div
            class="pf-c-check"
          >
            <input
              aria-invalid="false"
              aria-label="Seed App 8"
              class="pf-c-check__input"
              data-event-type-id="9"
              id="app-check-9"
              type="checkbox"
            />
            <label
              class="pf-c-check__label"
              for="app-check-9"
            >
              <strong>
                Seed App 8
              </strong>
            </label>
          </div>
        </div>
      </article>
    </div>
    <div
      class="pf-l-grid__item"
    >
      <article
        class="pf-c-card"
      >
        <div
          class="pf-c-card__header pf-c-title pf-m-lg"
        >
          <div
            class="pf-c-check"
          >
            <input
              aria-invalid="false"
              aria-label="Seed App 9"
              class="pf-c-check__input"
              data-event-type-id="10"
              id="app-check-10"
              type="checkbox"
            />
            <label
              class="pf-c-check__label"
              for="app-check-10"
            >
              <strong>
                Seed App 9
              </strong>
            </label>
          </div>
        </div>
      </article>
    </div>
  </div>,
]
`;
